[2026-09-08 21:52:52][Command][haddock_push] Starting...
[2026-09-08 21:52:52][Command][haddock_push] Your branch is up to date with 'origin/main'.
[2026-09-08 21:52:52][Command][haddock_push] Deleted branch gh-pages (was 36c1ad4).
[2026-09-08 21:52:52][Command][haddock_push] Already on 'main'
[2026-09-08 21:52:52][Command][haddock_push] Switched to a new branch 'gh-pages'
[2026-09-08 21:52:54][Command][haddock_push] Resolving dependencies...
[2026-09-08 21:52:55][Command][haddock_push] Build profile: -w ghc-9.12.3 -O1
[2026-09-08 21:52:55][Command][haddock_push] In order, the following will be built (use -v for more details):
[2026-09-08 21:52:55][Command][haddock_push]  - algebra-simple-0.1 (lib) (configuration changed)
[2026-09-08 21:52:55][Command][haddock_push] Configuring library for algebra-simple-0.1...
[2026-09-08 21:52:58][Command][haddock_push] Preprocessing library for algebra-simple-0.1...
[2026-09-08 21:52:58][Command][haddock_push] Running Haddock on library for algebra-simple-0.1...
[2026-09-08 21:52:58][Command][haddock_push] [ 1 of 39] Compiling Numeric.Algebra.Deriving ( src/Numeric/Algebra/Deriving.hs, nothing ) [Flags changed]
[2026-09-08 21:52:58][Command][haddock_push] [ 2 of 39] Compiling Numeric.Algebra.Additive.ASemigroup ( src/Numeric/Algebra/Additive/ASemigroup.hs, nothing ) [Flags changed]
[2026-09-08 21:52:59][Command][haddock_push] [ 3 of 39] Compiling Numeric.Algebra.Additive.AMonoid ( src/Numeric/Algebra/Additive/AMonoid.hs, nothing ) [Flags changed]
[2026-09-08 21:52:59][Command][haddock_push] [ 4 of 39] Compiling Numeric.Algebra.Additive.AGroup ( src/Numeric/Algebra/Additive/AGroup.hs, nothing ) [Flags changed]
[2026-09-08 21:52:59][Command][haddock_push] [ 5 of 39] Compiling Numeric.Algebra.Additive ( src/Numeric/Algebra/Additive.hs, nothing ) [Flags changed]
[2026-09-08 21:52:59][Command][haddock_push] [ 6 of 39] Compiling Numeric.Algebra.MetricSpace ( src/Numeric/Algebra/MetricSpace.hs, nothing ) [Flags changed]
[2026-09-08 21:52:59][Command][haddock_push] [ 7 of 39] Compiling Numeric.Algebra.Multiplicative.MSemigroup ( src/Numeric/Algebra/Multiplicative/MSemigroup.hs, nothing ) [Flags changed]
[2026-09-08 21:52:59][Command][haddock_push] [ 8 of 39] Compiling Numeric.Algebra.Multiplicative.MMonoid ( src/Numeric/Algebra/Multiplicative/MMonoid.hs, nothing ) [Flags changed]
[2026-09-08 21:52:59][Command][haddock_push] [ 9 of 39] Compiling Numeric.Algebra.Multiplicative.MGroup ( src/Numeric/Algebra/Multiplicative/MGroup.hs, nothing ) [Flags changed]
[2026-09-08 21:52:59][Command][haddock_push] [10 of 39] Compiling Numeric.Algebra.Normed ( src/Numeric/Algebra/Normed.hs, nothing ) [Flags changed]
[2026-09-08 21:52:59][Command][haddock_push] [11 of 39] Compiling Numeric.Algebra.Multiplicative.MEuclidean ( src/Numeric/Algebra/Multiplicative/MEuclidean.hs, nothing ) [Flags changed]
[2026-09-08 21:52:59][Command][haddock_push] [12 of 39] Compiling Numeric.Algebra.Multiplicative ( src/Numeric/Algebra/Multiplicative.hs, nothing ) [Flags changed]
[2026-09-08 21:52:59][Command][haddock_push] [13 of 39] Compiling Numeric.Algebra.Rings.Quartaring ( src/Numeric/Algebra/Rings/Quartaring.hs, nothing ) [Flags changed]
[2026-09-08 21:52:59][Command][haddock_push] [14 of 39] Compiling Numeric.Algebra.Rings.Hemiring ( src/Numeric/Algebra/Rings/Hemiring.hs, nothing ) [Flags changed]
[2026-09-08 21:52:59][Command][haddock_push] [15 of 39] Compiling Numeric.Algebra.Rings.PseudoRing ( src/Numeric/Algebra/Rings/PseudoRing.hs, nothing ) [Flags changed]
[2026-09-08 21:52:59][Command][haddock_push] [16 of 39] Compiling Numeric.Algebra.Rings.Demiring ( src/Numeric/Algebra/Rings/Demiring.hs, nothing ) [Flags changed]
[2026-09-08 21:52:59][Command][haddock_push] [17 of 39] Compiling Numeric.Algebra.Rings.PseudoSemifield ( src/Numeric/Algebra/Rings/PseudoSemifield.hs, nothing ) [Flags changed]
[2026-09-08 21:52:59][Command][haddock_push] [18 of 39] Compiling Numeric.Algebra.Rings.Semiring ( src/Numeric/Algebra/Rings/Semiring.hs, nothing ) [Flags changed]
[2026-09-08 21:52:59][Command][haddock_push] [19 of 39] Compiling Numeric.Algebra.Rings.Semifield ( src/Numeric/Algebra/Rings/Semifield.hs, nothing ) [Flags changed]
[2026-09-08 21:52:59][Command][haddock_push] [20 of 39] Compiling Numeric.Algebra.Rings.Ring ( src/Numeric/Algebra/Rings/Ring.hs, nothing ) [Flags changed]
[2026-09-08 21:52:59][Command][haddock_push] [21 of 39] Compiling Numeric.Algebra.Rings.Field ( src/Numeric/Algebra/Rings/Field.hs, nothing ) [Flags changed]
[2026-09-08 21:52:59][Command][haddock_push] [22 of 39] Compiling Numeric.Algebra.Rings ( src/Numeric/Algebra/Rings.hs, nothing ) [Flags changed]
[2026-09-08 21:52:59][Command][haddock_push] [23 of 39] Compiling Numeric.Algebra.Space.MSemiSpace ( src/Numeric/Algebra/Space/MSemiSpace.hs, nothing ) [Flags changed]
[2026-09-08 21:52:59][Command][haddock_push] [24 of 39] Compiling Numeric.Algebra.Space.MSpace ( src/Numeric/Algebra/Space/MSpace.hs, nothing ) [Flags changed]
[2026-09-08 21:52:59][Command][haddock_push] [25 of 39] Compiling Numeric.Algebra.Space.Quartamodule ( src/Numeric/Algebra/Space/Quartamodule.hs, nothing ) [Flags changed]
[2026-09-08 21:52:59][Command][haddock_push] [26 of 39] Compiling Numeric.Algebra.Space.Hemimodule ( src/Numeric/Algebra/Space/Hemimodule.hs, nothing ) [Flags changed]
[2026-09-08 21:52:59][Command][haddock_push] [27 of 39] Compiling Numeric.Algebra.Space.PseudoModule ( src/Numeric/Algebra/Space/PseudoModule.hs, nothing ) [Flags changed]
[2026-09-08 21:52:59][Command][haddock_push] [28 of 39] Compiling Numeric.Algebra.Space.Demimodule ( src/Numeric/Algebra/Space/Demimodule.hs, nothing ) [Flags changed]
[2026-09-08 21:52:59][Command][haddock_push] [29 of 39] Compiling Numeric.Algebra.Space.PseudoSemivectorSpace ( src/Numeric/Algebra/Space/PseudoSemivectorSpace.hs, nothing ) [Flags changed]
[2026-09-08 21:52:59][Command][haddock_push] [30 of 39] Compiling Numeric.Algebra.Space.Semimodule ( src/Numeric/Algebra/Space/Semimodule.hs, nothing ) [Flags changed]
[2026-09-08 21:52:59][Command][haddock_push] [31 of 39] Compiling Numeric.Algebra.Space.Module ( src/Numeric/Algebra/Space/Module.hs, nothing ) [Flags changed]
[2026-09-08 21:52:59][Command][haddock_push] [32 of 39] Compiling Numeric.Algebra.Space.SemivectorSpace ( src/Numeric/Algebra/Space/SemivectorSpace.hs, nothing ) [Flags changed]
[2026-09-08 21:52:59][Command][haddock_push] [33 of 39] Compiling Numeric.Algebra.Space.VectorSpace ( src/Numeric/Algebra/Space/VectorSpace.hs, nothing ) [Flags changed]
[2026-09-08 21:52:59][Command][haddock_push] [34 of 39] Compiling Numeric.Algebra.Space ( src/Numeric/Algebra/Space.hs, nothing ) [Flags changed]
[2026-09-08 21:52:59][Command][haddock_push] [35 of 39] Compiling Numeric.Algebra  ( src/Numeric/Algebra.hs, nothing ) [Flags changed]
[2026-09-08 21:52:59][Command][haddock_push] [36 of 39] Compiling Numeric.Convert.Internal ( src/Numeric/Convert/Internal.hs, nothing ) [Flags changed]
[2026-09-08 21:52:59][Command][haddock_push] [37 of 39] Compiling Numeric.Convert.Integer ( src/Numeric/Convert/Integer.hs, nothing ) [Source file changed]
[2026-09-08 21:52:59][Command][haddock_push] [38 of 39] Compiling Numeric.Convert.Rational ( src/Numeric/Convert/Rational.hs, nothing ) [Source file changed]
[2026-09-08 21:52:59][Command][haddock_push] [39 of 39] Compiling Numeric.Convert.Real ( src/Numeric/Convert/Real.hs, nothing ) [Source file changed]
[2026-09-08 21:53:04][Command][haddock_push] Haddock coverage:
[2026-09-08 21:53:04][Command][haddock_push]  100% (  5 /  5) in 'Numeric.Algebra.Deriving'
[2026-09-08 21:53:04][Command][haddock_push]  100% (  2 /  2) in 'Numeric.Algebra.Additive.ASemigroup'
[2026-09-08 21:53:04][Command][haddock_push]  100% (  4 /  4) in 'Numeric.Algebra.Additive.AMonoid'
[2026-09-08 21:53:04][Command][haddock_push]  100% (  3 /  3) in 'Numeric.Algebra.Additive.AGroup'
[2026-09-08 21:53:04][Command][haddock_push]  100% (  4 /  4) in 'Numeric.Algebra.Additive'
[2026-09-08 21:53:04][Command][haddock_push]  100% (  3 /  3) in 'Numeric.Algebra.MetricSpace'
[2026-09-08 21:53:04][Command][haddock_push]  100% (  2 /  2) in 'Numeric.Algebra.Multiplicative.MSemigroup'
[2026-09-08 21:53:04][Command][haddock_push]  100% (  4 /  4) in 'Numeric.Algebra.Multiplicative.MMonoid'
[2026-09-08 21:53:04][Command][haddock_push]  100% (  3 /  3) in 'Numeric.Algebra.Multiplicative.MGroup'
[2026-09-08 21:53:04][Command][haddock_push]  100% (  2 /  2) in 'Numeric.Algebra.Normed'
[2026-09-08 21:53:04][Command][haddock_push]  100% (  6 /  6) in 'Numeric.Algebra.Multiplicative.MEuclidean'
[2026-09-08 21:53:04][Command][haddock_push]  100% (  5 /  5) in 'Numeric.Algebra.Multiplicative'
[2026-09-08 21:53:04][Command][haddock_push]  100% (  2 /  2) in 'Numeric.Algebra.Rings.Quartaring'
[2026-09-08 21:53:04][Command][haddock_push]  100% (  2 /  2) in 'Numeric.Algebra.Rings.Hemiring'
[2026-09-08 21:53:04][Command][haddock_push]  100% (  2 /  2) in 'Numeric.Algebra.Rings.PseudoRing'
[2026-09-08 21:53:04][Command][haddock_push]  100% (  2 /  2) in 'Numeric.Algebra.Rings.Demiring'
[2026-09-08 21:53:04][Command][haddock_push]  100% (  2 /  2) in 'Numeric.Algebra.Rings.PseudoSemifield'
[2026-09-08 21:53:04][Command][haddock_push]  100% (  2 /  2) in 'Numeric.Algebra.Rings.Semiring'
[2026-09-08 21:53:04][Command][haddock_push]  100% (  2 /  2) in 'Numeric.Algebra.Rings.Semifield'
[2026-09-08 21:53:04][Command][haddock_push]  100% (  2 /  2) in 'Numeric.Algebra.Rings.Ring'
[2026-09-08 21:53:04][Command][haddock_push]  100% (  2 /  2) in 'Numeric.Algebra.Rings.Field'
[2026-09-08 21:53:04][Command][haddock_push]  100% ( 10 / 10) in 'Numeric.Algebra.Rings'
[2026-09-08 21:53:04][Command][haddock_push]  100% (  3 /  3) in 'Numeric.Algebra.Space.MSemiSpace'
[2026-09-08 21:53:04][Command][haddock_push]  100% (  3 /  3) in 'Numeric.Algebra.Space.MSpace'
[2026-09-08 21:53:04][Command][haddock_push]  100% (  2 /  2) in 'Numeric.Algebra.Space.Quartamodule'
[2026-09-08 21:53:04][Command][haddock_push]  100% (  2 /  2) in 'Numeric.Algebra.Space.Hemimodule'
[2026-09-08 21:53:04][Command][haddock_push]  100% (  2 /  2) in 'Numeric.Algebra.Space.PseudoModule'
[2026-09-08 21:53:04][Command][haddock_push]  100% (  2 /  2) in 'Numeric.Algebra.Space.Demimodule'
[2026-09-08 21:53:04][Command][haddock_push]  100% (  2 /  2) in 'Numeric.Algebra.Space.PseudoSemivectorSpace'
[2026-09-08 21:53:04][Command][haddock_push]  100% (  2 /  2) in 'Numeric.Algebra.Space.Semimodule'
[2026-09-08 21:53:04][Command][haddock_push]  100% (  2 /  2) in 'Numeric.Algebra.Space.Module'
[2026-09-08 21:53:04][Command][haddock_push]  100% (  2 /  2) in 'Numeric.Algebra.Space.SemivectorSpace'
[2026-09-08 21:53:04][Command][haddock_push]  100% (  2 /  2) in 'Numeric.Algebra.Space.VectorSpace'
[2026-09-08 21:53:04][Command][haddock_push]  100% ( 12 / 12) in 'Numeric.Algebra.Space'
[2026-09-08 21:53:04][Command][haddock_push]  100% (  8 /  8) in 'Numeric.Algebra'
[2026-09-08 21:53:04][Command][haddock_push]  100% ( 10 / 10) in 'Numeric.Convert.Internal'
[2026-09-08 21:53:04][Command][haddock_push]  100% ( 11 / 11) in 'Numeric.Convert.Integer'
[2026-09-08 21:53:04][Command][haddock_push]  100% ( 11 / 11) in 'Numeric.Convert.Rational'
[2026-09-08 21:53:04][Command][haddock_push]  100% ( 11 / 11) in 'Numeric.Convert.Real'
[2026-09-08 21:53:04][Command][haddock_push] Documentation created:
[2026-09-08 21:53:04][Command][haddock_push] /home/tommy/Dev/tommy/github/algebra-simple/./dist-newstyle/build/x86_64-linux/ghc-9.12.3/algebra-simple-0.1/doc/html/algebra-simple
